// Jest Snapshot v1, https://goo.gl/fbAQLP

exports[`EntryView Component Should show the entry correctly 1`] = `
<div class="entry-title d-flex justify-content-between p-2">
  <div><span class="text-succes fs-3 fw-bold">14</span><span class="mx-1 fs-3">Agosto</span><span class="mx-2 fs-4 fw-light">2023, Lunes</span></div><input type="file" accept="image/png, image/jpeg" style="display: none;">
  <div><button class="btn btn-danger mx-2"> Borrar <i class="fa fa-trash-alt"></i></button><button class="btn btn-primary"> Subir foto <i class="fa fa-upload"></i></button></div>
</div>
<hr>
<div class="d-flex flex-column px-2 h-75"><textarea placeholder="¿Qué sucedió hoy?"></textarea></div>
<fab-stub icon="fa-save"></fab-stub>
<img src="https://res.cloudinary.com/dfhtj8isz/image/upload/v1692006702/rlktggh4wrlllibwta2l.jpg" alt="entry-picture" class="img-thumbnail">
<!--v-if-->
`;
